// Jest Snapshot v1, https://goo.gl/fbAQLP

exports[`base should export base rules config 1`] = `
Object {
  "env": Object {
    "browser": true,
    "es2021": true,
    "node": true,
  },
  "parserOptions": Object {
    "ecmaFeatures": Object {
      "jsx": true,
    },
    "ecmaVersion": 12,
    "sourceType": "module",
  },
}
`;
