// Vitest Snapshot v1, https://vitest.dev/guide/snapshot.html

exports[`base > should export base rules config 1`] = `
{
  "env": {
    "browser": true,
    "es2021": true,
    "node": true,
  },
  "ignorePatterns": [
    "node_modules/",
    "dist/",
    ".next/",
    "coverage/",
    "vite.config.ts.*.mjs",
    "storybook-static/",
  ],
  "overrides": [
    {
      "env": {
        "node": true,
      },
      "files": [
        ".eslintrc.{js,cjs}",
      ],
      "parserOptions": {
        "sourceType": "script",
      },
      "rules": {
        "strict": "off",
      },
    },
  ],
  "parserOptions": {
    "ecmaFeatures": {
      "jsx": true,
    },
    "ecmaVersion": 12,
    "jsxPragma": null,
    "sourceType": "module",
  },
}
`;
